SPLIT []             (2,2)-isogenous /Q to E x E', conductors 57, 19  ([[-6,-33,-14,95,-50,3,-1],[1]])
SPLIT [ 2 ]          (2,2)-isogenous /Q to E x E', conductors 14, 24  ([[-56,0,-75,0,15,0,-1],[0,1,0,1]])
SPLIT [ 3 ]          degree-2 map to an elliptic curve over a degree-3 field  ([[-54,-318,-479,92,302,-5,-54],[1,1,0,1]])
SPLIT [ 4 ]          (2,2)-isogenous /Q to E x E', conductors 17, 17  ([[-7536,-4824,-4239,-744,-304,76,-4],[0,0,1,1]])
SPLIT [ 5 ]          (2,2)-isogenous /Q to E x E', conductors 11, 11  ([[-344,348,-334,17,14,-36,-8],[0]])
SPLIT [ 6 ]          (2,2)-isogenous /Q to E x E', conductors 14, 14  ([[-92,42,3,37,-12,-3,-5],[0,1,1]])
SPLIT [ 7 ]          (2,2)-isogenous /Q to E x E', conductors 26, 26  ([[-3,-4,2,7,2,-4,-3],[1,0,0,1]])
SPLIT [ 8 ]          (2,2)-isogenous /Q to E x E', conductors 15, 20  ([[-15,0,7,0,-4],[0,1,0,1]])
SPLIT [ 9 ]          degree-3 map to elliptic curve 19a1 over Q  ([[-3,1,-5,1,-2,-1],[0,1,0,1]])
SPLIT [ 10 ]         degree-3 map to elliptic curve 33a2 over Q  ([[-2,-1,10,7,-13,-11],[0,0,1]])
SPLIT [ 11 ]         (2,2)-isogenous to E x E^sigma over X^2 - 11/9  ([[9471400,94188680,99564424,-65405928,31412066,-5109634,1204142],[0]])
SPLIT [ 12 ]         (2,2)-isogenous /Q to E x E', conductors 14, 21  ([[0,0,1,-1,1],[1,0,0,1]])
SPLIT [ 14 ]         degree-3 map to elliptic curve 26b1 over Q  ([[0,-4,1,-3,1,-1],[0,0,1,1]])
SPLIT [ 15 ]         (2,2)-isogenous /Q to E x E', conductors 11, 44  ([[1,0,2,0,1],[0,0,0,1]])
SPLIT [ 16 ]         (2,2)-isogenous /Q to E x E', conductors 15, 180  ([[-125,0,97,0,-26,0,2],[0,1,0,1]])
SPLIT [ 18 ]         degree-3 map to elliptic curve 35a1 over Q  ([[-6,5,-7,2,-1,-1],[0,0,1,1]])
SPLIT [ 19 ]         degree-2 map to an elliptic curve over a degree-6 field  ([[0,1,1],[1,0,1,1]])
SPLIT [ 20 ]         degree-3 map to elliptic curve 11a1 over Q  ([[-2,-7,0,3,-2,1],[0,1,0,1]])
SPLIT [ 21 ]         degree-2 map to an elliptic curve over a degree-3 field  ([[0,0,1,2,2,1],[1,1,0,1]])
SPLIT [ 24 ]         (2,2)-isogenous /Q to E x E', conductors 15, 20  ([[375,0,97,0,8],[0,1,0,1]])
SPLIT [ 25 ]         degree-5 map to an elliptic curve over a degree-2 field  ([[1,8,13,9,14,4,2],[0,0,1,1]])
SPLIT [ 27 ]         degree-3 map to an elliptic curve over a degree-2 field  ([[0,4,20,17,9,0,1],[1,1]])
SPLIT [ 28 ]         degree-3 map to elliptic curve 182a1 over Q  ([[4,10,-4,-1,5,-3,1],[0,1,1]])
SPLIT [ 30 ]         (2,2)-isogenous /Q to E x E', conductors 66, 66  ([[2,6,10,11,10,6,2],[1,0,0,1]])
SPLIT [ 35 ]         (2,2)-isogenous /Q to E x E', conductors 286, 26  ([[160,80,166,182,116,30,10],[0,1,1]])
SPLIT [ 36 ]         degree-3 map to elliptic curve 90c3 over Q  ([[9,-9,-1,-5,5,-1,1],[0,1,1]])
SPLIT [ 40 ]         (2,2)-isogenous /Q to E x E', conductors 66, 48  ([[66,0,12,0,2],[0,1,0,1]])
SPLIT [ 45 ]         (2,2)-isogenous /Q to E x E', conductors 15810, 38130  ([[168300000000,0,49996210000,0,29240200,0,13981],[0]])
SPLIT [ 48 ]         (2,2)-isogenous /Q to E x E', conductors 21, 84  ([[3,0,9,0,-4],[0,1,0,1]])
SPLIT [ 60 ]         (2,2)-isogenous /Q to E x E', conductors 150, 90  ([[1,-7,25,-24,25,-7,1],[0,1,1]])
SPLIT [ 63 ]         (2,2)-isogenous /Q to E x E', conductors 42978, 1482  ([[-146398496,0,79136353,0,-197570,0,897],[0]])
SPLIT [ 70 ]         degree-3 map to elliptic curve 858k1 over Q  ([[179,425,-51,1],[110,-41,-3,2]])
SPLIT [ 2, 2 ]       (2,2)-route to a product over Q(sqrt 2)  ([[-60,-1,59,-1,59,0,-60],[1,1,1,1]])
SPLIT [ 2, 4 ]       (2,2)-isogenous /Q to E x E', conductors 15, 15  ([[-16,6,-6,11,1,3],[1,0,1]])
SPLIT [ 2, 6 ]       (2,2)-isogenous /Q to E x E', conductors 14, 14  ([[-23,13,-14,-3,1,-2],[0,1,1]])
SPLIT [ 2, 8 ]       (2,2)-isogenous /Q to E x E', conductors 15, 15  ([[-214,465,-279,447,-305,60,-175],[1,0,1]])
SPLIT [ 2, 10 ]      (2,2)-route to a product over Q(sqrt 2)  ([[0,0,-1,-1,-1,-1],[1,1,1,1]])
SPLIT [ 2, 12 ]      (2,2)-isogenous /Q to E x E', conductors 15, 30  ([[-5,15,-8,-10,4,2],[0,1,1,1]])
SPLIT [ 2, 14 ]      degree-3 map to elliptic curve 294b2 over Q  ([[10,-6,-24,-5,-9,-3,9],[0,1,1]])
SPLIT [ 2, 16 ]      (2,2)-isogenous /Q to E x E', conductors 48, 96  ([[2,7,16,18,16,7,2],[1,1,1,1]])
SPLIT [ 2, 18 ]      degree-3 map to elliptic curve 114a1 over Q  ([[36,66,12,-5,-3,-3,1],[0,1,1]])
SPLIT [ 2, 20 ]      degree-3 map to elliptic curve 462f1 over Q  ([[0,-18,42,-20,15,-3,1],[0,1,1]])
SPLIT [ 2, 24 ]      (2,2)-isogenous /Q to E x E', conductors 30, 48  ([[15,0,-6,0,-1],[0,1,0,1]])
SPLIT [ 2, 30 ]      (2,2)-isogenous /Q to E x E', conductors 66, 198  ([[12,-36,18,23,-13,-5,1],[0,1,1]])
SPLIT [ 2, 48 ]      (2,2)-isogenous /Q to E x E', conductors 210, 90  ([[1,-13,19,111,19,-13,1],[0,1,1]])
SPLIT [ 3, 3 ]       (2,2)-isogenous /Q to E x E', conductors 19, 19  ([[-2,6,-8,6,-8,6,-2],[0]])
SPLIT [ 3, 6 ]       (2,2)-isogenous /Q to E x E', conductors 14, 14  ([[27,-27,56,-13,21,8,6],[0,1,1]])
SPLIT [ 3, 9 ]       (2,2)-isogenous /Q to E x E', conductors 54, 54  ([[0,-2,0,5,5,3,1],[1,1,1]])
SPLIT [ 3, 12 ]      (2,2)-isogenous /Q to E x E', conductors 90, 30  ([[-8,12,6,-11,-3,3,1],[1,1,1]])
SPLIT [ 3, 24 ]      (2,2)-isogenous /Q to E x E', conductors 90, 90  ([[4,6,-4,-6,5,-3,1],[0,1,1]])
SPLIT [ 4, 4 ]       (2,2)-isogenous /Q to E x E', conductors 15, 15  ([[448,0,-7,0,-2,0,7],[0,0,1]])
SPLIT [ 4, 8 ]       (2,2)-isogenous /Q to E x E', conductors 15, 15  ([[0,-15,-5,-5],[0,1,0,1]])
SPLIT [ 4, 12 ]      (2,2)-isogenous /Q to E x E', conductors 90, 90  ([[9,-27,53,-62,53,-27,9],[0,1,1]])
SPLIT [ 4, 16 ]      (2,2)-isogenous /Q to E x E', conductors 210, 240  ([[252,0,-24,0,-4],[0,1,0,1]])
SPLIT [ 5, 5 ]       (2,2)-isogenous /Q to E x E', conductors 11, 11  ([[-2,4,2,5,2,1],[1,1,1,1]])
SPLIT [ 5, 10 ]      (2,2)-isogenous /Q to E x E', conductors 150, 570  ([[-135,135,11,-33,15,-3,9],[0,1,1]])
SPLIT [ 6, 6 ]       (2,2)-isogenous /Q to E x E', conductors 14, 14  ([[1,3,6,7,6,3,1],[0,1,1]])
SPLIT [ 6, 12 ]      (2,2)-isogenous /Q to E x E', conductors 630, 30  ([[88825,81950,75207,-13354,-6347,396,132],[0]])
SPLIT [ 7, 7 ]       (2,2)-isogenous /Q to E x E', conductors 98826, 546  ([[869675859,0,3232987,0,3025,0,1],[0]])
SPLIT [ 8, 8 ]       (2,2)-isogenous /Q to E x E', conductors 82110, 210  ([[84285504,-4535664,-4045487,1800118,88597,88596,836],[0]])
SPLIT [ 2, 2, 2 ]    (2,2)-isogenous /Q to E x E', conductors 15, 21  ([[0,1,32,268,129,16],[0,1]])
SPLIT [ 2, 2, 4 ]    (2,2)-isogenous /Q to E x E', conductors 15, 15  ([[0,-15,7,18,0,3,-2],[0,1,0,1]])
SPLIT [ 2, 2, 6 ]    degree-3 map to elliptic curve 20a2 over Q  ([[0,1,-4,-3,3,2],[0,1,0,1]])
SPLIT [ 2, 2, 8 ]    (2,2)-isogenous /Q to E x E', conductors 24, 15  ([[0,1,1,-5,-4,6],[1,1]])
SPLIT [ 2, 2, 10 ]   degree-3 map to elliptic curve 66c1 over Q  ([[-20,-12,66,-2,-45,3,9],[0,1,1]])
SPLIT [ 2, 2, 12 ]   (2,2)-isogenous /Q to E x E', conductors 15, 90  ([[1,-9,19,19,-55,-45],[0,1,1]])
SPLIT [ 2, 2, 16 ]   (2,2)-isogenous /Q to E x E', conductors 210, 330  ([[9,-33,3,61,3,-33,-11],[0,1,1]])
SPLIT [ 2, 2, 24 ]   (2,2)-isogenous /Q to E x E', conductors 825330, 249690  ([[0,-158457693276225,-25400003349776,19670508870560,-10404361990400,4237596000000],[0]])
SPLIT [ 2, 4, 4 ]    (2,2)-isogenous /Q to E x E', conductors 15, 15  ([[0,15,40,0,161,-240],[0,1]])
SPLIT [ 2, 4, 8 ]    (2,2)-isogenous /Q to E x E', conductors 2730, 210  ([[7524,-1530,-10562,797,3630,140],[0,1,1]])
SPLIT [ 2, 6, 6 ]    (2,2)-isogenous /Q to E x E', conductors 210, 630  ([[18,-54,9,71,-40,-5,25],[0,1,1]])
SPLIT [ 2, 2, 2, 2 ] (2,2)-isogenous to E x E^sigma over X^2 - 63/25  ([[26,41,-44,-30,25,-4],[1,1]])
SPLIT [ 2, 2, 2, 4 ] (2,2)-isogenous /Q to E x E', conductors 42, 21  ([[0,-21,-6,34,16,-3],[0,1,1]])
SPLIT [ 2, 2, 2, 6 ] (2,2)-isogenous /Q to E x E', conductors 30, 30  ([[0,30,39,-72,-111,-30],[0,1,1]])
SPLIT [ 2, 2, 2, 8 ] (2,2)-isogenous /Q to E x E', conductors 210, 21  ([[-45,42,30,-23,-9,3,1],[0,1,1]])
SPLIT [ 2, 2, 4, 4 ] (2,2)-isogenous /Q to E x E', conductors 210, 2310  ([[4913,867,-5657,-671,1000,60],[0,1,1]])
SPLIT [ 2, 2, 4, 8 ] (2,2)-isogenous /Q to E x E', conductors 19291662390, 82110  ([[0,42938243694863192676456480983270400000000000000,558098950720994323170545736900000000,1821369625722709924500000,2288161182841,1],[0]])
ALL 77 SPLITNESS CHECKS PASSED: 77 by explicit isogeny or cover, 0 signature+citation (0.5 s)
