CURVE_OK 1.a []
CURVE_OK 1.b []
CURVE_OK 2.a [ 2 ]
CURVE_OK 2.b [ 2 ]
CURVE_OK 3.a [ 3 ]
CURVE_OK 3.b [ 3 ]
CURVE_OK 4.a [ 4 ]
CURVE_OK 4.b [ 4 ]
CURVE_OK 5.a [ 5 ]
CURVE_OK 5.b [ 5 ]
CURVE_OK 6.a [ 6 ]
CURVE_OK 6.b [ 6 ]
CURVE_OK 7.a [ 7 ]
CURVE_OK 7.b [ 7 ]
CURVE_OK 8.a [ 8 ]
CURVE_OK 8.b [ 8 ]
CURVE_OK 9.a [ 9 ]
CURVE_OK 9.b [ 9 ]
CURVE_OK 10.a [ 10 ]
CURVE_OK 10.b [ 10 ]
CURVE_OK 11.a [ 11 ]
CURVE_OK 11.b [ 11 ]
CURVE_OK 12.a [ 12 ]
CURVE_OK 12.b [ 12 ]
CURVE_OK 13.a [ 13 ]
CURVE_OK 14.a [ 14 ]
CURVE_OK 14.b [ 14 ]
CURVE_OK 15.a [ 15 ]
CURVE_OK 15.b [ 15 ]
CURVE_OK 16.a [ 16 ]
CURVE_OK 16.b [ 16 ]
CURVE_OK 17.a [ 17 ]
CURVE_OK 18.a [ 18 ]
CURVE_OK 18.b [ 18 ]
CURVE_OK 19.a [ 19 ]
CURVE_OK 19.b [ 19 ]
CURVE_OK 20.a [ 20 ]
CURVE_OK 20.b [ 20 ]
CURVE_OK 21.a [ 21 ]
CURVE_OK 21.b [ 21 ]
CURVE_OK 22.a [ 22 ]
CURVE_OK 23.a [ 23 ]
CURVE_OK 24.a [ 24 ]
CURVE_OK 24.b [ 24 ]
CURVE_OK 25.a [ 25 ]
CURVE_OK 25.b [ 25 ]
CURVE_OK 26.a [ 26 ]
CURVE_OK 27.a [ 27 ]
CURVE_OK 27.b [ 27 ]
CURVE_OK 28.a [ 28 ]
CURVE_OK 28.b [ 28 ]
CURVE_OK 29.a [ 29 ]
CURVE_OK 30.a [ 30 ]
CURVE_OK 30.b [ 30 ]
CURVE_OK 31.a [ 31 ]
CURVE_OK 32.a [ 32 ]
CURVE_OK 33.a [ 33 ]
CURVE_OK 34.a [ 34 ]
CURVE_OK 35.a [ 35 ]
CURVE_OK 36.a [ 36 ]
CURVE_OK 36.b [ 36 ]
CURVE_OK 39.a [ 39 ]
CURVE_OK 40.a [ 40 ]
CURVE_OK 40.b [ 40 ]
CURVE_OK 45.a [ 45 ]
CURVE_OK 48.a [ 48 ]
CURVE_OK 60.a [ 60 ]
CURVE_OK 63.a [ 63 ]
CURVE_OK 70.a [ 70 ]
CURVE_OK 2.2.a [ 2, 2 ]
CURVE_OK 2.2.b [ 2, 2 ]
CURVE_OK 2.4.a [ 2, 4 ]
CURVE_OK 2.4.b [ 2, 4 ]
CURVE_OK 2.6.a [ 2, 6 ]
CURVE_OK 2.6.b [ 2, 6 ]
CURVE_OK 2.8.a [ 2, 8 ]
CURVE_OK 2.8.b [ 2, 8 ]
CURVE_OK 2.10.a [ 2, 10 ]
CURVE_OK 2.10.b [ 2, 10 ]
CURVE_OK 2.12.a [ 2, 12 ]
CURVE_OK 2.12.b [ 2, 12 ]
CURVE_OK 2.14.a [ 2, 14 ]
CURVE_OK 2.14.b [ 2, 14 ]
CURVE_OK 2.16.a [ 2, 16 ]
CURVE_OK 2.16.b [ 2, 16 ]
CURVE_OK 2.18.a [ 2, 18 ]
CURVE_OK 2.18.b [ 2, 18 ]
CURVE_OK 2.20.a [ 2, 20 ]
CURVE_OK 2.20.b [ 2, 20 ]
CURVE_OK 2.22.a [ 2, 22 ]
CURVE_OK 2.24.a [ 2, 24 ]
CURVE_OK 2.26.a [ 2, 26 ]
CURVE_OK 2.28.a [ 2, 28 ]
CURVE_OK 2.30.a [ 2, 30 ]
CURVE_OK 2.48.a [ 2, 48 ]
CURVE_OK 3.3.a [ 3, 3 ]
CURVE_OK 3.3.b [ 3, 3 ]
CURVE_OK 3.6.a [ 3, 6 ]
CURVE_OK 3.6.b [ 3, 6 ]
CURVE_OK 3.9.a [ 3, 9 ]
CURVE_OK 3.9.b [ 3, 9 ]
CURVE_OK 3.12.a [ 3, 12 ]
CURVE_OK 3.24.a [ 3, 24 ]
CURVE_OK 4.4.a [ 4, 4 ]
CURVE_OK 4.4.b [ 4, 4 ]
CURVE_OK 4.8.a [ 4, 8 ]
CURVE_OK 4.8.b [ 4, 8 ]
CURVE_OK 4.12.a [ 4, 12 ]
CURVE_OK 4.16.a [ 4, 16 ]
CURVE_OK 5.5.a [ 5, 5 ]
CURVE_OK 5.10.a [ 5, 10 ]
CURVE_OK 6.6.a [ 6, 6 ]
CURVE_OK 6.6.b [ 6, 6 ]
CURVE_OK 6.12.a [ 6, 12 ]
CURVE_OK 7.7.a [ 7, 7 ]
CURVE_OK 8.8.a [ 8, 8 ]
CURVE_OK 2.2.2.a [ 2, 2, 2 ]
CURVE_OK 2.2.2.b [ 2, 2, 2 ]
CURVE_OK 2.2.4.a [ 2, 2, 4 ]
CURVE_OK 2.2.4.b [ 2, 2, 4 ]
CURVE_OK 2.2.6.a [ 2, 2, 6 ]
CURVE_OK 2.2.6.b [ 2, 2, 6 ]
CURVE_OK 2.2.8.a [ 2, 2, 8 ]
CURVE_OK 2.2.8.b [ 2, 2, 8 ]
CURVE_OK 2.2.10.a [ 2, 2, 10 ]
CURVE_OK 2.2.10.b [ 2, 2, 10 ]
CURVE_OK 2.2.12.a [ 2, 2, 12 ]
CURVE_OK 2.2.12.b [ 2, 2, 12 ]
CURVE_OK 2.2.14.a [ 2, 2, 14 ]
CURVE_OK 2.2.16.a [ 2, 2, 16 ]
CURVE_OK 2.2.20.a [ 2, 2, 20 ]
CURVE_OK 2.2.24.a [ 2, 2, 24 ]
CURVE_OK 2.4.4.a [ 2, 4, 4 ]
CURVE_OK 2.4.4.b [ 2, 4, 4 ]
CURVE_OK 2.4.8.a [ 2, 4, 8 ]
CURVE_OK 2.4.8.b [ 2, 4, 8 ]
CURVE_OK 2.6.6.a [ 2, 6, 6 ]
CURVE_OK 2.2.2.2.a [ 2, 2, 2, 2 ]
CURVE_OK 2.2.2.2.b [ 2, 2, 2, 2 ]
CURVE_OK 2.2.2.4.a [ 2, 2, 2, 4 ]
CURVE_OK 2.2.2.4.b [ 2, 2, 2, 4 ]
CURVE_OK 2.2.2.6.a [ 2, 2, 2, 6 ]
CURVE_OK 2.2.2.6.b [ 2, 2, 2, 6 ]
CURVE_OK 2.2.2.8.a [ 2, 2, 2, 8 ]
CURVE_OK 2.2.2.8.b [ 2, 2, 2, 8 ]
CURVE_OK 2.2.2.10.a [ 2, 2, 2, 10 ]
CURVE_OK 2.2.2.12.a [ 2, 2, 2, 12 ]
CURVE_OK 2.2.4.4.a [ 2, 2, 4, 4 ]
CURVE_OK 2.2.4.4.b [ 2, 2, 4, 4 ]
CURVE_OK 2.2.4.8.a [ 2, 2, 4, 8 ]
AUDIT_COMPLETE 150 curves, 0 errors
